[
  {
    "id": "69b6486a-46de-43c7-bdbc-c4bb0d2b6a29",
    "url": "http://localhost:3001/",
    "method": "GET",
    "requests": [
      {
        "id": "6b669b96-b815-4eb6-bb2c-1ecdff4fbd45",
        "user": "alice@authcov.io",
        "pageUrl": "http://localhost:3001",
        "headers": {
          "upgrade-insecure-requests": "1",
          "user-agent": "Mozilla/5.0 (X11; Linux x86_64) AppleWebKit/537.36 (KHTML, like Gecko) HeadlessChrome/77.0.3844.0 Safari/537.36",
          "sec-fetch-mode": "navigate",
          "sec-fetch-user": "?1",
          "cookie": "_my_app_session=289ba788d5da29d05d0ab57d560f9a60"
        },
        "response": {
          "status": 200,
          "headers": {
            "x-frame-options": "SAMEORIGIN",
            "x-xss-protection": "1; mode=block",
            "x-content-type-options": "nosniff",
            "x-download-options": "noopen",
            "x-permitted-cross-domain-policies": "none",
            "referrer-policy": "strict-origin-when-cross-origin",
            "content-type": "text/html; charset=utf-8",
            "etag": "W/\"8bc8cc26f73688608593b9de8fff96b9\"",
            "cache-control": "max-age=0, private, must-revalidate",
            "x-request-id": "c1904de5-95bc-4047-b5c5-29b6bafcafa0",
            "x-runtime": "0.026533",
            "vary": "Origin",
            "transfer-encoding": "chunked"
          },
          "authorised": true
        }
      },
      {
        "id": "b2e9d5f4-9939-4919-b58e-2bd3516078c5",
        "user": "alice@authcov.io",
        "pageUrl": "http://localhost:3001/",
        "headers": {
          "upgrade-insecure-requests": "1",
          "user-agent": "Mozilla/5.0 (X11; Linux x86_64) AppleWebKit/537.36 (KHTML, like Gecko) HeadlessChrome/77.0.3844.0 Safari/537.36",
          "sec-fetch-mode": "navigate",
          "sec-fetch-user": "?1",
          "cookie": "_my_app_session=289ba788d5da29d05d0ab57d560f9a60"
        },
        "response": {
          "status": 200,
          "headers": {
            "x-frame-options": "SAMEORIGIN",
            "x-xss-protection": "1; mode=block",
            "x-content-type-options": "nosniff",
            "x-download-options": "noopen",
            "x-permitted-cross-domain-policies": "none",
            "referrer-policy": "strict-origin-when-cross-origin",
            "content-type": "text/html; charset=utf-8",
            "etag": "W/\"6f90db64da0df3e6375166007a2c7a13\"",
            "cache-control": "max-age=0, private, must-revalidate",
            "x-request-id": "72f2b69d-8158-4e0a-abbc-89ce7c9fb6d6",
            "x-runtime": "0.028940",
            "vary": "Origin",
            "transfer-encoding": "chunked"
          },
          "authorised": true
        }
      }
    ]
  },
  {
    "id": "f39f1960-0854-43d4-a957-844f4e5fe01a",
    "url": "http://localhost:3001/posts",
    "method": "GET",
    "requests": [
      {
        "id": "88d7852b-b0aa-42c1-ace3-e0d6ef9a2aa2",
        "user": "alice@authcov.io",
        "pageUrl": "http://localhost:3001/posts",
        "headers": {
          "upgrade-insecure-requests": "1",
          "user-agent": "Mozilla/5.0 (X11; Linux x86_64) AppleWebKit/537.36 (KHTML, like Gecko) HeadlessChrome/77.0.3844.0 Safari/537.36",
          "sec-fetch-mode": "navigate",
          "sec-fetch-user": "?1",
          "cookie": "_my_app_session=289ba788d5da29d05d0ab57d560f9a60"
        },
        "response": {
          "status": 200,
          "headers": {
            "x-frame-options": "SAMEORIGIN",
            "x-xss-protection": "1; mode=block",
            "x-content-type-options": "nosniff",
            "x-download-options": "noopen",
            "x-permitted-cross-domain-policies": "none",
            "referrer-policy": "strict-origin-when-cross-origin",
            "content-type": "text/html; charset=utf-8",
            "etag": "W/\"cd34bfed030fa1a8ea7fb87c6111dd4e\"",
            "cache-control": "max-age=0, private, must-revalidate",
            "x-request-id": "96df12ab-01da-47ca-bc1e-17e882379ce5",
            "x-runtime": "0.142253",
            "vary": "Origin",
            "transfer-encoding": "chunked"
          },
          "authorised": true
        }
      }
    ]
  },
  {
    "id": "77756d47-e9dc-41b7-8aa2-d775f4054417",
    "url": "http://localhost:3001/posts/1",
    "method": "GET",
    "requests": [
      {
        "id": "d64f170c-757a-4947-b075-93843756b336",
        "user": "alice@authcov.io",
        "pageUrl": "http://localhost:3001/posts/1",
        "headers": {
          "upgrade-insecure-requests": "1",
          "user-agent": "Mozilla/5.0 (X11; Linux x86_64) AppleWebKit/537.36 (KHTML, like Gecko) HeadlessChrome/77.0.3844.0 Safari/537.36",
          "sec-fetch-mode": "navigate",
          "sec-fetch-user": "?1",
          "cookie": "_my_app_session=289ba788d5da29d05d0ab57d560f9a60"
        },
        "response": {
          "status": 200,
          "headers": {
            "x-frame-options": "SAMEORIGIN",
            "x-xss-protection": "1; mode=block",
            "x-content-type-options": "nosniff",
            "x-download-options": "noopen",
            "x-permitted-cross-domain-policies": "none",
            "referrer-policy": "strict-origin-when-cross-origin",
            "content-type": "text/html; charset=utf-8",
            "etag": "W/\"b1dc8b10e90c5fec485ae43244128190\"",
            "cache-control": "max-age=0, private, must-revalidate",
            "x-request-id": "0f5437b6-aff8-4f28-9714-cb79a4ce3ec8",
            "x-runtime": "0.146850",
            "vary": "Origin",
            "transfer-encoding": "chunked"
          },
          "authorised": true
        }
      }
    ]
  },
  {
    "id": "1fe1c78f-a9b8-4e9d-b385-3d3c18760f2a",
    "url": "http://localhost:3001/posts/1/edit",
    "method": "GET",
    "requests": [
      {
        "id": "44a903aa-deb4-43cf-ae78-d2eeff092552",
        "user": "alice@authcov.io",
        "pageUrl": "http://localhost:3001/posts/1/edit",
        "headers": {
          "upgrade-insecure-requests": "1",
          "user-agent": "Mozilla/5.0 (X11; Linux x86_64) AppleWebKit/537.36 (KHTML, like Gecko) HeadlessChrome/77.0.3844.0 Safari/537.36",
          "sec-fetch-mode": "navigate",
          "sec-fetch-user": "?1",
          "cookie": "_my_app_session=289ba788d5da29d05d0ab57d560f9a60"
        },
        "response": {
          "status": 200,
          "headers": {
            "x-frame-options": "SAMEORIGIN",
            "x-xss-protection": "1; mode=block",
            "x-content-type-options": "nosniff",
            "x-download-options": "noopen",
            "x-permitted-cross-domain-policies": "none",
            "referrer-policy": "strict-origin-when-cross-origin",
            "content-type": "text/html; charset=utf-8",
            "etag": "W/\"be9f82342b4b04e3b7960afc71a0970a\"",
            "cache-control": "max-age=0, private, must-revalidate",
            "x-request-id": "c262ea91-2f87-4991-88bc-044edf3c8106",
            "x-runtime": "0.120464",
            "vary": "Origin",
            "transfer-encoding": "chunked"
          },
          "authorised": true
        }
      }
    ]
  },
  {
    "id": "8bcae6f1-1eb7-43cc-adda-1de17f14cfaf",
    "url": "http://localhost:3001/posts/2",
    "method": "GET",
    "requests": [
      {
        "id": "3e7a0695-bf13-4b05-86e3-6fdbe9383ace",
        "user": "alice@authcov.io",
        "pageUrl": "http://localhost:3001/posts/2",
        "headers": {
          "upgrade-insecure-requests": "1",
          "user-agent": "Mozilla/5.0 (X11; Linux x86_64) AppleWebKit/537.36 (KHTML, like Gecko) HeadlessChrome/77.0.3844.0 Safari/537.36",
          "sec-fetch-mode": "navigate",
          "sec-fetch-user": "?1",
          "cookie": "_my_app_session=289ba788d5da29d05d0ab57d560f9a60"
        },
        "response": {
          "status": 200,
          "headers": {
            "x-frame-options": "SAMEORIGIN",
            "x-xss-protection": "1; mode=block",
            "x-content-type-options": "nosniff",
            "x-download-options": "noopen",
            "x-permitted-cross-domain-policies": "none",
            "referrer-policy": "strict-origin-when-cross-origin",
            "content-type": "text/html; charset=utf-8",
            "etag": "W/\"499345d30877ef5dd316536a7bf81598\"",
            "cache-control": "max-age=0, private, must-revalidate",
            "x-request-id": "79590ccc-0df3-4da3-a818-42637a7145e6",
            "x-runtime": "0.131948",
            "vary": "Origin",
            "transfer-encoding": "chunked"
          },
          "authorised": true
        }
      }
    ]
  },
  {
    "id": "634dcf62-527c-49cc-ab25-2c8031bf1ee6",
    "url": "http://localhost:3001/posts/2/edit",
    "method": "GET",
    "requests": [
      {
        "id": "7ad71b58-b853-4b10-99b4-d1fd92af032d",
        "user": "alice@authcov.io",
        "pageUrl": "http://localhost:3001/posts/2/edit",
        "headers": {
          "upgrade-insecure-requests": "1",
          "user-agent": "Mozilla/5.0 (X11; Linux x86_64) AppleWebKit/537.36 (KHTML, like Gecko) HeadlessChrome/77.0.3844.0 Safari/537.36",
          "sec-fetch-mode": "navigate",
          "sec-fetch-user": "?1",
          "cookie": "_my_app_session=289ba788d5da29d05d0ab57d560f9a60"
        },
        "response": {
          "status": 200,
          "headers": {
            "x-frame-options": "SAMEORIGIN",
            "x-xss-protection": "1; mode=block",
            "x-content-type-options": "nosniff",
            "x-download-options": "noopen",
            "x-permitted-cross-domain-policies": "none",
            "referrer-policy": "strict-origin-when-cross-origin",
            "content-type": "text/html; charset=utf-8",
            "etag": "W/\"009bd1bfe203f52d4258e54672834b77\"",
            "cache-control": "max-age=0, private, must-revalidate",
            "x-request-id": "561f8f62-dfe2-4366-9b3a-d09068d6f05d",
            "x-runtime": "0.158696",
            "vary": "Origin",
            "transfer-encoding": "chunked"
          },
          "authorised": true
        }
      }
    ]
  },
  {
    "id": "e2ba93a0-9e17-40e6-85d9-cb5f56a6a285",
    "url": "http://localhost:3001/posts/3",
    "method": "GET",
    "requests": [
      {
        "id": "b8405b99-c58b-4480-9462-c1f44b2e2a63",
        "user": "alice@authcov.io",
        "pageUrl": "http://localhost:3001/posts/3",
        "headers": {
          "upgrade-insecure-requests": "1",
          "user-agent": "Mozilla/5.0 (X11; Linux x86_64) AppleWebKit/537.36 (KHTML, like Gecko) HeadlessChrome/77.0.3844.0 Safari/537.36",
          "sec-fetch-mode": "navigate",
          "sec-fetch-user": "?1",
          "cookie": "_my_app_session=289ba788d5da29d05d0ab57d560f9a60"
        },
        "response": {
          "status": 200,
          "headers": {
            "x-frame-options": "SAMEORIGIN",
            "x-xss-protection": "1; mode=block",
            "x-content-type-options": "nosniff",
            "x-download-options": "noopen",
            "x-permitted-cross-domain-policies": "none",
            "referrer-policy": "strict-origin-when-cross-origin",
            "content-type": "text/html; charset=utf-8",
            "etag": "W/\"41ca982b68a3003ace046c892ac85beb\"",
            "cache-control": "max-age=0, private, must-revalidate",
            "x-request-id": "8031e30d-1146-4017-b0ac-85253731154c",
            "x-runtime": "0.153763",
            "vary": "Origin",
            "transfer-encoding": "chunked"
          },
          "authorised": true
        }
      }
    ]
  },
  {
    "id": "b19ce89a-8c32-47a8-9a7c-e4195a5cb4ce",
    "url": "http://localhost:3001/posts/3/edit",
    "method": "GET",
    "requests": [
      {
        "id": "27509a54-784a-45d4-b37a-03234ab9b195",
        "user": "alice@authcov.io",
        "pageUrl": "http://localhost:3001/posts/3/edit",
        "headers": {
          "upgrade-insecure-requests": "1",
          "user-agent": "Mozilla/5.0 (X11; Linux x86_64) AppleWebKit/537.36 (KHTML, like Gecko) HeadlessChrome/77.0.3844.0 Safari/537.36",
          "sec-fetch-mode": "navigate",
          "sec-fetch-user": "?1",
          "cookie": "_my_app_session=289ba788d5da29d05d0ab57d560f9a60"
        },
        "response": {
          "status": 401,
          "headers": {
            "x-frame-options": "SAMEORIGIN",
            "x-xss-protection": "1; mode=block",
            "x-content-type-options": "nosniff",
            "x-download-options": "noopen",
            "x-permitted-cross-domain-policies": "none",
            "referrer-policy": "strict-origin-when-cross-origin",
            "content-type": "application/json; charset=utf-8",
            "cache-control": "no-cache",
            "x-request-id": "ff8fa85c-e9f5-416b-9879-f5090a0f2472",
            "x-runtime": "0.032017",
            "vary": "Origin",
            "transfer-encoding": "chunked"
          },
          "authorised": false
        }
      }
    ]
  },
  {
    "id": "4db6aab8-62ea-4640-89be-e747fd5cca83",
    "url": "http://localhost:3001/posts/4",
    "method": "GET",
    "requests": [
      {
        "id": "f3e92637-eb14-499d-8550-d1aa38a26674",
        "user": "alice@authcov.io",
        "pageUrl": "http://localhost:3001/posts/4",
        "headers": {
          "upgrade-insecure-requests": "1",
          "user-agent": "Mozilla/5.0 (X11; Linux x86_64) AppleWebKit/537.36 (KHTML, like Gecko) HeadlessChrome/77.0.3844.0 Safari/537.36",
          "sec-fetch-mode": "navigate",
          "sec-fetch-user": "?1",
          "cookie": "_my_app_session=289ba788d5da29d05d0ab57d560f9a60"
        },
        "response": {
          "status": 200,
          "headers": {
            "x-frame-options": "SAMEORIGIN",
            "x-xss-protection": "1; mode=block",
            "x-content-type-options": "nosniff",
            "x-download-options": "noopen",
            "x-permitted-cross-domain-policies": "none",
            "referrer-policy": "strict-origin-when-cross-origin",
            "content-type": "text/html; charset=utf-8",
            "etag": "W/\"bfa789480e0267fa398efaf26e503237\"",
            "cache-control": "max-age=0, private, must-revalidate",
            "x-request-id": "8be07f70-3f89-4d72-94c1-2fccd23e355f",
            "x-runtime": "0.135681",
            "vary": "Origin",
            "transfer-encoding": "chunked"
          },
          "authorised": true
        }
      }
    ]
  },
  {
    "id": "a7cf6394-965f-470d-817f-c3254eefbff5",
    "url": "http://localhost:3001/posts/4/edit",
    "method": "GET",
    "requests": [
      {
        "id": "85fa628e-a4ad-4b02-90eb-8de427819f8d",
        "user": "alice@authcov.io",
        "pageUrl": "http://localhost:3001/posts/4/edit",
        "headers": {
          "upgrade-insecure-requests": "1",
          "user-agent": "Mozilla/5.0 (X11; Linux x86_64) AppleWebKit/537.36 (KHTML, like Gecko) HeadlessChrome/77.0.3844.0 Safari/537.36",
          "sec-fetch-mode": "navigate",
          "sec-fetch-user": "?1",
          "cookie": "_my_app_session=289ba788d5da29d05d0ab57d560f9a60"
        },
        "response": {
          "status": 401,
          "headers": {
            "x-frame-options": "SAMEORIGIN",
            "x-xss-protection": "1; mode=block",
            "x-content-type-options": "nosniff",
            "x-download-options": "noopen",
            "x-permitted-cross-domain-policies": "none",
            "referrer-policy": "strict-origin-when-cross-origin",
            "content-type": "application/json; charset=utf-8",
            "cache-control": "no-cache",
            "x-request-id": "3ac04331-2e91-407b-a805-14a25d200a6b",
            "x-runtime": "0.007021",
            "vary": "Origin",
            "transfer-encoding": "chunked"
          },
          "authorised": false
        }
      }
    ]
  },
  {
    "id": "8e04ab2b-7c07-4134-89f4-f4c7e56bedac",
    "url": "http://localhost:3001/posts/new",
    "method": "GET",
    "requests": [
      {
        "id": "8d960283-2a01-454c-8135-b18ccd057815",
        "user": "alice@authcov.io",
        "pageUrl": "http://localhost:3001/posts/new",
        "headers": {
          "upgrade-insecure-requests": "1",
          "user-agent": "Mozilla/5.0 (X11; Linux x86_64) AppleWebKit/537.36 (KHTML, like Gecko) HeadlessChrome/77.0.3844.0 Safari/537.36",
          "sec-fetch-mode": "navigate",
          "sec-fetch-user": "?1",
          "cookie": "_my_app_session=289ba788d5da29d05d0ab57d560f9a60"
        },
        "response": {
          "status": 200,
          "headers": {
            "x-frame-options": "SAMEORIGIN",
            "x-xss-protection": "1; mode=block",
            "x-content-type-options": "nosniff",
            "x-download-options": "noopen",
            "x-permitted-cross-domain-policies": "none",
            "referrer-policy": "strict-origin-when-cross-origin",
            "content-type": "text/html; charset=utf-8",
            "etag": "W/\"009ca3310aeb68b72de0433b3c1b3d3d\"",
            "cache-control": "max-age=0, private, must-revalidate",
            "x-request-id": "270ec2ae-6c41-4057-8127-6a868a47ea38",
            "x-runtime": "0.026952",
            "vary": "Origin",
            "transfer-encoding": "chunked"
          },
          "authorised": true
        }
      }
    ]
  },
  {
    "id": "797622fe-b917-41d4-9b9e-6ddfd06eeb45",
    "url": "http://localhost:3001/secrets",
    "method": "GET",
    "requests": [
      {
        "id": "07cc4f22-c2fa-47b1-bec8-355a99da0b56",
        "user": "alice@authcov.io",
        "pageUrl": "http://localhost:3001/secrets",
        "headers": {
          "upgrade-insecure-requests": "1",
          "user-agent": "Mozilla/5.0 (X11; Linux x86_64) AppleWebKit/537.36 (KHTML, like Gecko) HeadlessChrome/77.0.3844.0 Safari/537.36",
          "sec-fetch-mode": "navigate",
          "sec-fetch-user": "?1",
          "cookie": "_my_app_session=289ba788d5da29d05d0ab57d560f9a60"
        },
        "response": {
          "status": 200,
          "headers": {
            "x-frame-options": "SAMEORIGIN",
            "x-xss-protection": "1; mode=block",
            "x-content-type-options": "nosniff",
            "x-download-options": "noopen",
            "x-permitted-cross-domain-policies": "none",
            "referrer-policy": "strict-origin-when-cross-origin",
            "content-type": "text/html; charset=utf-8",
            "etag": "W/\"2ae4a288d6dc9bf75d1fddc65c72518d\"",
            "cache-control": "max-age=0, private, must-revalidate",
            "x-request-id": "9f916564-679c-4a8d-b337-8009ae0697fc",
            "x-runtime": "0.145598",
            "vary": "Origin",
            "transfer-encoding": "chunked"
          },
          "authorised": true
        }
      }
    ]
  },
  {
    "id": "78b0b8fd-c0f9-405e-91ac-c9fe39441e49",
    "url": "http://localhost:3001/secrets/1",
    "method": "GET",
    "requests": [
      {
        "id": "093a4be5-67fc-40f5-bd9d-62227d9891c5",
        "user": "alice@authcov.io",
        "pageUrl": "http://localhost:3001/secrets/1",
        "headers": {
          "upgrade-insecure-requests": "1",
          "user-agent": "Mozilla/5.0 (X11; Linux x86_64) AppleWebKit/537.36 (KHTML, like Gecko) HeadlessChrome/77.0.3844.0 Safari/537.36",
          "sec-fetch-mode": "navigate",
          "sec-fetch-user": "?1",
          "cookie": "_my_app_session=289ba788d5da29d05d0ab57d560f9a60"
        },
        "response": {
          "status": 200,
          "headers": {
            "x-frame-options": "SAMEORIGIN",
            "x-xss-protection": "1; mode=block",
            "x-content-type-options": "nosniff",
            "x-download-options": "noopen",
            "x-permitted-cross-domain-policies": "none",
            "referrer-policy": "strict-origin-when-cross-origin",
            "content-type": "text/html; charset=utf-8",
            "etag": "W/\"d492d90ceb4019f098e35357c7d29ebc\"",
            "cache-control": "max-age=0, private, must-revalidate",
            "x-request-id": "104013cc-1719-4045-865e-c833b308d7b3",
            "x-runtime": "0.074959",
            "vary": "Origin",
            "transfer-encoding": "chunked"
          },
          "authorised": true
        }
      }
    ]
  },
  {
    "id": "cc9b66d0-b493-4c9b-b711-f83840968ac8",
    "url": "http://localhost:3001/secrets/1/edit",
    "method": "GET",
    "requests": [
      {
        "id": "09163bdc-8d98-4328-8538-e923fb0ac642",
        "user": "alice@authcov.io",
        "pageUrl": "http://localhost:3001/secrets/1/edit",
        "headers": {
          "upgrade-insecure-requests": "1",
          "user-agent": "Mozilla/5.0 (X11; Linux x86_64) AppleWebKit/537.36 (KHTML, like Gecko) HeadlessChrome/77.0.3844.0 Safari/537.36",
          "sec-fetch-mode": "navigate",
          "sec-fetch-user": "?1",
          "cookie": "_my_app_session=289ba788d5da29d05d0ab57d560f9a60"
        },
        "response": {
          "status": 200,
          "headers": {
            "x-frame-options": "SAMEORIGIN",
            "x-xss-protection": "1; mode=block",
            "x-content-type-options": "nosniff",
            "x-download-options": "noopen",
            "x-permitted-cross-domain-policies": "none",
            "referrer-policy": "strict-origin-when-cross-origin",
            "content-type": "text/html; charset=utf-8",
            "etag": "W/\"59ed09a98fd44af9dc8e00807bcb811f\"",
            "cache-control": "max-age=0, private, must-revalidate",
            "x-request-id": "ece4046e-35f4-4011-b26b-58424d44c42f",
            "x-runtime": "0.082393",
            "vary": "Origin",
            "transfer-encoding": "chunked"
          },
          "authorised": true
        }
      }
    ]
  },
  {
    "id": "a4474011-bf43-4c72-a9a0-ebb83232b984",
    "url": "http://localhost:3001/secrets/new",
    "method": "GET",
    "requests": [
      {
        "id": "5e8b2b1c-7951-432c-99ff-745e92fd9572",
        "user": "alice@authcov.io",
        "pageUrl": "http://localhost:3001/secrets/new",
        "headers": {
          "upgrade-insecure-requests": "1",
          "user-agent": "Mozilla/5.0 (X11; Linux x86_64) AppleWebKit/537.36 (KHTML, like Gecko) HeadlessChrome/77.0.3844.0 Safari/537.36",
          "sec-fetch-mode": "navigate",
          "sec-fetch-user": "?1",
          "cookie": "_my_app_session=289ba788d5da29d05d0ab57d560f9a60"
        },
        "response": {
          "status": 200,
          "headers": {
            "x-frame-options": "SAMEORIGIN",
            "x-xss-protection": "1; mode=block",
            "x-content-type-options": "nosniff",
            "x-download-options": "noopen",
            "x-permitted-cross-domain-policies": "none",
            "referrer-policy": "strict-origin-when-cross-origin",
            "content-type": "text/html; charset=utf-8",
            "etag": "W/\"0a7a52fc75ac9ad463bcfb745ae5d613\"",
            "cache-control": "max-age=0, private, must-revalidate",
            "x-request-id": "84cf5695-bdbf-417a-b265-1625d1171ea9",
            "x-runtime": "0.077186",
            "vary": "Origin",
            "transfer-encoding": "chunked"
          },
          "authorised": true
        }
      }
    ]
  }
]
