[
  {
    "id": "fb69a8af-a047-4d90-8b39-ea798952cc8c",
    "pageUrl": "http://localhost:3001",
    "user": "alice@authcov.io",
    "createdAt": "2019-08-10T15:04:02.913Z",
    "dialogsOpened": [],
    "buttonsClicked": [],
    "buttonsIgnored": []
  },
  {
    "id": "66ed3cf3-c3ed-46fd-912e-7674cc02da25",
    "pageUrl": "http://localhost:3001/",
    "user": "alice@authcov.io",
    "createdAt": "2019-08-10T15:04:03.928Z",
    "dialogsOpened": [],
    "buttonsClicked": [],
    "buttonsIgnored": []
  },
  {
    "id": "fad4a254-3fe8-41af-a2c9-d3c2cdb87b4a",
    "pageUrl": "http://localhost:3001/posts",
    "user": "alice@authcov.io",
    "createdAt": "2019-08-10T15:04:03.928Z",
    "dialogsOpened": [],
    "buttonsClicked": [],
    "buttonsIgnored": []
  },
  {
    "id": "604dd7cd-ec3b-4fc0-85f9-e0841dfeaaef",
    "pageUrl": "http://localhost:3001/posts/1",
    "user": "alice@authcov.io",
    "createdAt": "2019-08-10T15:04:03.929Z",
    "dialogsOpened": [],
    "buttonsClicked": [],
    "buttonsIgnored": []
  },
  {
    "id": "c9bb05a8-c835-4b3e-960e-08678e274d8a",
    "pageUrl": "http://localhost:3001/posts/1/edit",
    "user": "alice@authcov.io",
    "createdAt": "2019-08-10T15:04:03.929Z",
    "dialogsOpened": [],
    "buttonsClicked": [],
    "buttonsIgnored": []
  },
  {
    "id": "1c6915cc-3fd9-477e-a252-b0e8fbfb13d7",
    "pageUrl": "http://localhost:3001/posts/2",
    "user": "alice@authcov.io",
    "createdAt": "2019-08-10T15:04:03.929Z",
    "dialogsOpened": [],
    "buttonsClicked": [],
    "buttonsIgnored": []
  },
  {
    "id": "035322fb-787d-4f4e-8ed3-449f6661e293",
    "pageUrl": "http://localhost:3001/posts/2/edit",
    "user": "alice@authcov.io",
    "createdAt": "2019-08-10T15:04:03.929Z",
    "dialogsOpened": [],
    "buttonsClicked": [],
    "buttonsIgnored": []
  },
  {
    "id": "3b0eac74-7419-40c6-82d3-593cd3989c29",
    "pageUrl": "http://localhost:3001/posts/3",
    "user": "alice@authcov.io",
    "createdAt": "2019-08-10T15:04:03.929Z",
    "dialogsOpened": [],
    "buttonsClicked": [],
    "buttonsIgnored": []
  },
  {
    "id": "afda018f-f743-42fa-8b62-3cec163b69d3",
    "pageUrl": "http://localhost:3001/posts/3/edit",
    "user": "alice@authcov.io",
    "createdAt": "2019-08-10T15:04:03.930Z",
    "dialogsOpened": [],
    "buttonsClicked": [],
    "buttonsIgnored": []
  },
  {
    "id": "ed50d539-0d97-4bd5-bed7-6f4842f55b69",
    "pageUrl": "http://localhost:3001/posts/4",
    "user": "alice@authcov.io",
    "createdAt": "2019-08-10T15:04:04.029Z",
    "dialogsOpened": [],
    "buttonsClicked": [],
    "buttonsIgnored": []
  },
  {
    "id": "9214e4c9-ac74-4399-b89f-627a124466bd",
    "pageUrl": "http://localhost:3001/posts/4/edit",
    "user": "alice@authcov.io",
    "createdAt": "2019-08-10T15:04:04.830Z",
    "dialogsOpened": [],
    "buttonsClicked": [],
    "buttonsIgnored": []
  },
  {
    "id": "3ac7bdf8-5cad-470c-812d-8540d534cf7e",
    "pageUrl": "http://localhost:3001/posts/new",
    "user": "alice@authcov.io",
    "createdAt": "2019-08-10T15:04:05.432Z",
    "dialogsOpened": [],
    "buttonsClicked": [],
    "buttonsIgnored": []
  },
  {
    "id": "95e75d87-de9c-45b3-af4a-fe96f429a9d6",
    "pageUrl": "http://localhost:3001/secrets",
    "user": "alice@authcov.io",
    "createdAt": "2019-08-10T15:04:03.928Z",
    "dialogsOpened": [],
    "buttonsClicked": [],
    "buttonsIgnored": []
  },
  {
    "id": "331317ff-2900-43ef-9996-fe00a20db6a7",
    "pageUrl": "http://localhost:3001/secrets/1",
    "user": "alice@authcov.io",
    "createdAt": "2019-08-10T15:04:05.873Z",
    "dialogsOpened": [],
    "buttonsClicked": [],
    "buttonsIgnored": []
  },
  {
    "id": "6f03e469-efcb-4dd7-b70d-80613b04fc10",
    "pageUrl": "http://localhost:3001/secrets/1/edit",
    "user": "alice@authcov.io",
    "createdAt": "2019-08-10T15:04:05.876Z",
    "dialogsOpened": [],
    "buttonsClicked": [],
    "buttonsIgnored": []
  },
  {
    "id": "2b195249-675e-4fdf-9c18-f1c3774b159a",
    "pageUrl": "http://localhost:3001/secrets/new",
    "user": "alice@authcov.io",
    "createdAt": "2019-08-10T15:04:05.877Z",
    "dialogsOpened": [],
    "buttonsClicked": [],
    "buttonsIgnored": []
  }
]
