[
  {
    "id": "a31d4cd5-ad9e-4752-96e8-07478c2092a0",
    "pageUrl": "http://localhost/really_slow",
    "user": "Public",
    "createdAt": "2019-08-12T08:33:35.439Z",
    "dialogsOpened": [],
    "buttonsClicked": [],
    "buttonsIgnored": []
  }
]
