[
  {
    "id": "f26d3a5e-980e-4c37-b907-a9575ea44235",
    "pageUrl": "http://localhost",
    "user": "alice@authcov.io",
    "createdAt": "2021-12-17T16:07:53.311Z",
    "dialogsOpened": [],
    "buttonsClicked": [],
    "buttonsIgnored": []
  },
  {
    "id": "e1680025-59e1-4947-92c7-74d4387734a5",
    "pageUrl": "http://localhost/",
    "user": "alice@authcov.io",
    "createdAt": "2021-12-17T16:07:54.237Z",
    "dialogsOpened": [],
    "buttonsClicked": [],
    "buttonsIgnored": []
  },
  {
    "id": "417a974f-46d2-4002-beb9-9153972e8751",
    "pageUrl": "http://localhost/chat/",
    "user": "alice@authcov.io",
    "createdAt": "2021-12-17T16:07:54.243Z",
    "dialogsOpened": [],
    "buttonsClicked": [],
    "buttonsIgnored": []
  },
  {
    "id": "abb9bdd1-2b99-402d-8e02-c27a6eab159b",
    "pageUrl": "http://localhost/posts",
    "user": "alice@authcov.io",
    "createdAt": "2021-12-17T16:07:54.241Z",
    "dialogsOpened": [],
    "buttonsClicked": [],
    "buttonsIgnored": []
  },
  {
    "id": "c0b27854-b419-44fc-b386-f4756e6baa63",
    "pageUrl": "http://localhost/posts/1",
    "user": "alice@authcov.io",
    "createdAt": "2021-12-17T16:07:55.380Z",
    "dialogsOpened": [],
    "buttonsClicked": [],
    "buttonsIgnored": []
  },
  {
    "id": "3da795a6-81d9-404c-bdbd-062bc709dc8f",
    "pageUrl": "http://localhost/posts/1/edit",
    "user": "alice@authcov.io",
    "createdAt": "2021-12-17T16:07:56.773Z",
    "dialogsOpened": [],
    "buttonsClicked": [],
    "buttonsIgnored": []
  },
  {
    "id": "3f3390fc-a780-4e98-955c-7b0441b45754",
    "pageUrl": "http://localhost/posts/2",
    "user": "alice@authcov.io",
    "createdAt": "2021-12-17T16:07:55.382Z",
    "dialogsOpened": [],
    "buttonsClicked": [],
    "buttonsIgnored": []
  },
  {
    "id": "bdf909cd-6dc3-487a-a264-a42809c17dbb",
    "pageUrl": "http://localhost/posts/2/edit",
    "user": "alice@authcov.io",
    "createdAt": "2021-12-17T16:07:56.841Z",
    "dialogsOpened": [],
    "buttonsClicked": [],
    "buttonsIgnored": []
  },
  {
    "id": "c5df0038-3123-4bcb-852d-461d198a0f10",
    "pageUrl": "http://localhost/posts/3",
    "user": "alice@authcov.io",
    "createdAt": "2021-12-17T16:07:55.382Z",
    "dialogsOpened": [],
    "buttonsClicked": [],
    "buttonsIgnored": []
  },
  {
    "id": "b035ef6d-0129-4e14-ac7c-2d5514985de6",
    "pageUrl": "http://localhost/posts/3/edit",
    "user": "alice@authcov.io",
    "createdAt": "2021-12-17T16:07:56.715Z",
    "dialogsOpened": [],
    "buttonsClicked": [],
    "buttonsIgnored": []
  },
  {
    "id": "248020a7-d71c-4a60-a132-27e62663aae3",
    "pageUrl": "http://localhost/posts/4",
    "user": "alice@authcov.io",
    "createdAt": "2021-12-17T16:07:55.383Z",
    "dialogsOpened": [],
    "buttonsClicked": [],
    "buttonsIgnored": []
  },
  {
    "id": "2c0521fa-9f5e-4c0b-aedb-2fcfcf1f31fc",
    "pageUrl": "http://localhost/posts/4/edit",
    "user": "alice@authcov.io",
    "createdAt": "2021-12-17T16:07:56.810Z",
    "dialogsOpened": [],
    "buttonsClicked": [],
    "buttonsIgnored": []
  },
  {
    "id": "ef2c182a-2f76-4863-bc02-f1a0266da615",
    "pageUrl": "http://localhost/posts/new",
    "user": "alice@authcov.io",
    "createdAt": "2021-12-17T16:07:55.378Z",
    "dialogsOpened": [],
    "buttonsClicked": [],
    "buttonsIgnored": []
  },
  {
    "id": "1ff8977d-18fa-4d41-8664-55d14b2f56a5",
    "pageUrl": "http://localhost/secrets",
    "user": "alice@authcov.io",
    "createdAt": "2021-12-17T16:07:56.539Z",
    "dialogsOpened": [],
    "buttonsClicked": [],
    "buttonsIgnored": []
  },
  {
    "id": "a0e3d354-d062-427f-9636-a333503a8625",
    "pageUrl": "http://localhost/secrets/",
    "user": "alice@authcov.io",
    "createdAt": "2021-12-17T16:07:54.242Z",
    "dialogsOpened": [],
    "buttonsClicked": [],
    "buttonsIgnored": []
  },
  {
    "id": "78a9f3da-a0b0-43d7-9e1d-daea986922f8",
    "pageUrl": "http://localhost/secrets/1",
    "user": "alice@authcov.io",
    "createdAt": "2021-12-17T16:07:55.293Z",
    "dialogsOpened": [],
    "buttonsClicked": [],
    "buttonsIgnored": []
  },
  {
    "id": "810b7015-c4c3-45eb-bba1-7f4d28ec0496",
    "pageUrl": "http://localhost/secrets/1/edit",
    "user": "alice@authcov.io",
    "createdAt": "2021-12-17T16:07:56.541Z",
    "dialogsOpened": [],
    "buttonsClicked": [],
    "buttonsIgnored": []
  },
  {
    "id": "54047f05-a672-4775-8174-70f0bdf35c7c",
    "pageUrl": "http://localhost/secrets/new",
    "user": "alice@authcov.io",
    "createdAt": "2021-12-17T16:07:55.286Z",
    "dialogsOpened": [],
    "buttonsClicked": [],
    "buttonsIgnored": []
  }
]