[
  {
    "id": "28fc44d9-5b96-4a97-ad96-8c38ea1f8a8e",
    "pageUrl": "http://localhost",
    "user": "Public",
    "createdAt": "2021-12-15T14:35:49.260Z",
    "dialogsOpened": [],
    "buttonsClicked": [
      "<button>Settings</button>",
      "<button>Hello World</button>"
    ],
    "buttonsIgnored": []
  }
]