[
  {
    "id": "190116b3-8cdd-4f4d-bbd7-7e3e1085612d",
    "url": "http://localhost/api/posts/1.json",
    "method": "GET",
    "requests": [
      {
        "id": "873502cf-ada1-444e-8ae0-cfbdf621af83",
        "user": "alice@authcov.io",
        "pageUrl": "http://localhost/posts/1",
        "headers": {
          "sec-fetch-mode": "cors",
          "referer": "http://localhost/posts/1",
          "user-agent": "Mozilla/5.0 (X11; Linux x86_64) AppleWebKit/537.36 (KHTML, like Gecko) HeadlessChrome/77.0.3844.0 Safari/537.36",
          "cookie": "_my_app_session=a9a39adbbb3589d436a18eca3ac83760"
        },
        "response": {
          "status": 200,
          "headers": {
            "date": "Tue, 13 Aug 2019 12:56:37 GMT",
            "x-content-type-options": "nosniff",
            "x-permitted-cross-domain-policies": "none",
            "transfer-encoding": "chunked",
            "connection": "keep-alive",
            "vary": "Origin",
            "x-xss-protection": "1; mode=block",
            "x-request-id": "031c8cec-e2c7-4b6f-aed1-337d52dda383",
            "x-runtime": "0.011835",
            "referrer-policy": "strict-origin-when-cross-origin",
            "server": "nginx/1.17.2",
            "etag": "W/\"c4b8c21d73eefa4dc8d11b89a1a6c9cf\"",
            "x-download-options": "noopen",
            "x-frame-options": "SAMEORIGIN",
            "content-type": "application/json; charset=utf-8",
            "cache-control": "max-age=0, private, must-revalidate"
          },
          "authorised": true
        }
      },
      {
        "id": "0d7e113d-b37e-420d-bcb1-6c560a32e20f",
        "user": "alice@authcov.io",
        "pageUrl": "http://localhost/posts/1/edit",
        "headers": {
          "sec-fetch-mode": "cors",
          "referer": "http://localhost/posts/1/edit",
          "user-agent": "Mozilla/5.0 (X11; Linux x86_64) AppleWebKit/537.36 (KHTML, like Gecko) HeadlessChrome/77.0.3844.0 Safari/537.36",
          "cookie": "_my_app_session=a9a39adbbb3589d436a18eca3ac83760"
        },
        "response": {
          "status": 200,
          "headers": {
            "date": "Tue, 13 Aug 2019 12:56:38 GMT",
            "x-content-type-options": "nosniff",
            "x-permitted-cross-domain-policies": "none",
            "transfer-encoding": "chunked",
            "connection": "keep-alive",
            "vary": "Origin",
            "x-xss-protection": "1; mode=block",
            "x-request-id": "fd40c417-5c3b-4be2-9e09-54a50c6b8bf6",
            "x-runtime": "0.011356",
            "referrer-policy": "strict-origin-when-cross-origin",
            "server": "nginx/1.17.2",
            "etag": "W/\"c4b8c21d73eefa4dc8d11b89a1a6c9cf\"",
            "x-download-options": "noopen",
            "x-frame-options": "SAMEORIGIN",
            "content-type": "application/json; charset=utf-8",
            "cache-control": "max-age=0, private, must-revalidate"
          },
          "authorised": true
        }
      },
      {
        "id": "f741707f-b4a0-4196-aa75-21dc761aa09b",
        "user": "Public",
        "pageUrl": null,
        "headers": {
          "sec-fetch-mode": "cors",
          "referer": "http://localhost/posts/1",
          "user-agent": "Mozilla/5.0 (X11; Linux x86_64) AppleWebKit/537.36 (KHTML, like Gecko) HeadlessChrome/77.0.3844.0 Safari/537.36"
        },
        "response": {
          "status": 200,
          "headers": {
            "server": "nginx/1.17.2",
            "date": "Tue, 13 Aug 2019 12:57:14 GMT",
            "content-type": "application/json; charset=utf-8",
            "transfer-encoding": "chunked",
            "connection": "close",
            "x-frame-options": "SAMEORIGIN",
            "x-xss-protection": "1; mode=block",
            "x-content-type-options": "nosniff",
            "x-download-options": "noopen",
            "x-permitted-cross-domain-policies": "none",
            "referrer-policy": "strict-origin-when-cross-origin",
            "etag": "W/\"c4b8c21d73eefa4dc8d11b89a1a6c9cf\"",
            "cache-control": "max-age=0, private, must-revalidate",
            "x-request-id": "70a5203b-458d-4624-b513-d71ab22ac69d",
            "x-runtime": "0.006014",
            "vary": "Origin"
          },
          "authorised": true
        }
      },
      {
        "id": "7e89ce8c-46eb-47ee-aac6-258374d631be",
        "user": "bob@authcov.io",
        "pageUrl": null,
        "headers": {
          "sec-fetch-mode": "cors",
          "referer": "http://localhost/posts/1",
          "user-agent": "Mozilla/5.0 (X11; Linux x86_64) AppleWebKit/537.36 (KHTML, like Gecko) HeadlessChrome/77.0.3844.0 Safari/537.36",
          "cookie": "_my_app_session=5ecd05563c0c54c4115bf578b95088ca"
        },
        "response": {
          "status": 200,
          "headers": {
            "server": "nginx/1.17.2",
            "date": "Tue, 13 Aug 2019 12:57:18 GMT",
            "content-type": "application/json; charset=utf-8",
            "transfer-encoding": "chunked",
            "connection": "close",
            "x-frame-options": "SAMEORIGIN",
            "x-xss-protection": "1; mode=block",
            "x-content-type-options": "nosniff",
            "x-download-options": "noopen",
            "x-permitted-cross-domain-policies": "none",
            "referrer-policy": "strict-origin-when-cross-origin",
            "etag": "W/\"c4b8c21d73eefa4dc8d11b89a1a6c9cf\"",
            "cache-control": "max-age=0, private, must-revalidate",
            "x-request-id": "eac29bbd-33ba-453b-9845-e034d713f637",
            "x-runtime": "0.009212",
            "vary": "Origin"
          },
          "authorised": true
        }
      }
    ]
  },
  {
    "id": "3be82ec4-f32a-4685-bacd-2500c5fca5c8",
    "url": "http://localhost/api/posts/2.json",
    "method": "GET",
    "requests": [
      {
        "id": "d077a1ed-228c-468d-b281-b5da50f122c4",
        "user": "alice@authcov.io",
        "pageUrl": "http://localhost/posts/2",
        "headers": {
          "sec-fetch-mode": "cors",
          "referer": "http://localhost/posts/2",
          "user-agent": "Mozilla/5.0 (X11; Linux x86_64) AppleWebKit/537.36 (KHTML, like Gecko) HeadlessChrome/77.0.3844.0 Safari/537.36",
          "cookie": "_my_app_session=a9a39adbbb3589d436a18eca3ac83760"
        },
        "response": {
          "status": 200,
          "headers": {
            "date": "Tue, 13 Aug 2019 12:56:37 GMT",
            "x-content-type-options": "nosniff",
            "x-permitted-cross-domain-policies": "none",
            "transfer-encoding": "chunked",
            "connection": "keep-alive",
            "vary": "Origin",
            "x-xss-protection": "1; mode=block",
            "x-request-id": "e8fe66ec-426f-4a2d-94e9-eb953b300c61",
            "x-runtime": "0.013257",
            "referrer-policy": "strict-origin-when-cross-origin",
            "server": "nginx/1.17.2",
            "etag": "W/\"052237154fa8230074a2131a2aceb1df\"",
            "x-download-options": "noopen",
            "x-frame-options": "SAMEORIGIN",
            "content-type": "application/json; charset=utf-8",
            "cache-control": "max-age=0, private, must-revalidate"
          },
          "authorised": true
        }
      },
      {
        "id": "7d70f892-0f98-4f8c-9563-102fe17ac80b",
        "user": "alice@authcov.io",
        "pageUrl": "http://localhost/posts/2/edit",
        "headers": {
          "sec-fetch-mode": "cors",
          "referer": "http://localhost/posts/2/edit",
          "user-agent": "Mozilla/5.0 (X11; Linux x86_64) AppleWebKit/537.36 (KHTML, like Gecko) HeadlessChrome/77.0.3844.0 Safari/537.36",
          "cookie": "_my_app_session=a9a39adbbb3589d436a18eca3ac83760"
        },
        "response": {
          "status": 200,
          "headers": {
            "date": "Tue, 13 Aug 2019 12:56:38 GMT",
            "x-content-type-options": "nosniff",
            "x-permitted-cross-domain-policies": "none",
            "transfer-encoding": "chunked",
            "connection": "keep-alive",
            "vary": "Origin",
            "x-xss-protection": "1; mode=block",
            "x-request-id": "12d81c32-11d4-46a8-a51e-7bb383bc0b19",
            "x-runtime": "0.011658",
            "referrer-policy": "strict-origin-when-cross-origin",
            "server": "nginx/1.17.2",
            "etag": "W/\"052237154fa8230074a2131a2aceb1df\"",
            "x-download-options": "noopen",
            "x-frame-options": "SAMEORIGIN",
            "content-type": "application/json; charset=utf-8",
            "cache-control": "max-age=0, private, must-revalidate"
          },
          "authorised": true
        }
      },
      {
        "id": "7da4d78a-2552-42a8-94dc-249be7715c31",
        "user": "Public",
        "pageUrl": null,
        "headers": {
          "sec-fetch-mode": "cors",
          "referer": "http://localhost/posts/2",
          "user-agent": "Mozilla/5.0 (X11; Linux x86_64) AppleWebKit/537.36 (KHTML, like Gecko) HeadlessChrome/77.0.3844.0 Safari/537.36"
        },
        "response": {
          "status": 200,
          "headers": {
            "server": "nginx/1.17.2",
            "date": "Tue, 13 Aug 2019 12:57:14 GMT",
            "content-type": "application/json; charset=utf-8",
            "transfer-encoding": "chunked",
            "connection": "close",
            "x-frame-options": "SAMEORIGIN",
            "x-xss-protection": "1; mode=block",
            "x-content-type-options": "nosniff",
            "x-download-options": "noopen",
            "x-permitted-cross-domain-policies": "none",
            "referrer-policy": "strict-origin-when-cross-origin",
            "etag": "W/\"052237154fa8230074a2131a2aceb1df\"",
            "cache-control": "max-age=0, private, must-revalidate",
            "x-request-id": "6a8b22a0-1aed-4013-a85a-c63e3edeb0f1",
            "x-runtime": "0.017059",
            "vary": "Origin"
          },
          "authorised": true
        }
      },
      {
        "id": "6f5e6dc6-10dd-404c-98ae-e60e5e178c6a",
        "user": "bob@authcov.io",
        "pageUrl": null,
        "headers": {
          "sec-fetch-mode": "cors",
          "referer": "http://localhost/posts/2",
          "user-agent": "Mozilla/5.0 (X11; Linux x86_64) AppleWebKit/537.36 (KHTML, like Gecko) HeadlessChrome/77.0.3844.0 Safari/537.36",
          "cookie": "_my_app_session=5ecd05563c0c54c4115bf578b95088ca"
        },
        "response": {
          "status": 200,
          "headers": {
            "server": "nginx/1.17.2",
            "date": "Tue, 13 Aug 2019 12:57:18 GMT",
            "content-type": "application/json; charset=utf-8",
            "transfer-encoding": "chunked",
            "connection": "close",
            "x-frame-options": "SAMEORIGIN",
            "x-xss-protection": "1; mode=block",
            "x-content-type-options": "nosniff",
            "x-download-options": "noopen",
            "x-permitted-cross-domain-policies": "none",
            "referrer-policy": "strict-origin-when-cross-origin",
            "etag": "W/\"052237154fa8230074a2131a2aceb1df\"",
            "cache-control": "max-age=0, private, must-revalidate",
            "x-request-id": "6958d123-0497-445f-a143-45375548fed9",
            "x-runtime": "0.024984",
            "vary": "Origin"
          },
          "authorised": true
        }
      }
    ]
  },
  {
    "id": "6bf8b126-ad5b-4f4e-ba54-cef86cb44729",
    "url": "http://localhost/api/posts/3.json",
    "method": "GET",
    "requests": [
      {
        "id": "d1f6b02c-091c-4763-b31a-2a96ad0ec9c4",
        "user": "alice@authcov.io",
        "pageUrl": "http://localhost/posts/3",
        "headers": {
          "sec-fetch-mode": "cors",
          "referer": "http://localhost/posts/3",
          "user-agent": "Mozilla/5.0 (X11; Linux x86_64) AppleWebKit/537.36 (KHTML, like Gecko) HeadlessChrome/77.0.3844.0 Safari/537.36",
          "cookie": "_my_app_session=a9a39adbbb3589d436a18eca3ac83760"
        },
        "response": {
          "status": 200,
          "headers": {
            "date": "Tue, 13 Aug 2019 12:56:38 GMT",
            "x-content-type-options": "nosniff",
            "x-permitted-cross-domain-policies": "none",
            "transfer-encoding": "chunked",
            "connection": "keep-alive",
            "vary": "Origin",
            "x-xss-protection": "1; mode=block",
            "x-request-id": "c626ba78-5bc5-4077-9bdf-ff9f874c0527",
            "x-runtime": "0.012858",
            "referrer-policy": "strict-origin-when-cross-origin",
            "server": "nginx/1.17.2",
            "etag": "W/\"44bfb90c083e70324e097a3a3dae5563\"",
            "x-download-options": "noopen",
            "x-frame-options": "SAMEORIGIN",
            "content-type": "application/json; charset=utf-8",
            "cache-control": "max-age=0, private, must-revalidate"
          },
          "authorised": true
        }
      },
      {
        "id": "902e6e4c-bad6-4234-9867-b60b1f06d99f",
        "user": "alice@authcov.io",
        "pageUrl": "http://localhost/posts/3/edit",
        "headers": {
          "sec-fetch-mode": "cors",
          "referer": "http://localhost/posts/3/edit",
          "user-agent": "Mozilla/5.0 (X11; Linux x86_64) AppleWebKit/537.36 (KHTML, like Gecko) HeadlessChrome/77.0.3844.0 Safari/537.36",
          "cookie": "_my_app_session=a9a39adbbb3589d436a18eca3ac83760"
        },
        "response": {
          "status": 200,
          "headers": {
            "date": "Tue, 13 Aug 2019 12:56:39 GMT",
            "x-content-type-options": "nosniff",
            "x-permitted-cross-domain-policies": "none",
            "transfer-encoding": "chunked",
            "connection": "keep-alive",
            "vary": "Origin",
            "x-xss-protection": "1; mode=block",
            "x-request-id": "82f405c2-5571-47c7-b7f1-02c9b40a890c",
            "x-runtime": "0.011047",
            "referrer-policy": "strict-origin-when-cross-origin",
            "server": "nginx/1.17.2",
            "etag": "W/\"44bfb90c083e70324e097a3a3dae5563\"",
            "x-download-options": "noopen",
            "x-frame-options": "SAMEORIGIN",
            "content-type": "application/json; charset=utf-8",
            "cache-control": "max-age=0, private, must-revalidate"
          },
          "authorised": true
        }
      },
      {
        "id": "c5f9c67e-59e8-4960-805c-8e343ede93d5",
        "user": "Public",
        "pageUrl": null,
        "headers": {
          "sec-fetch-mode": "cors",
          "referer": "http://localhost/posts/3",
          "user-agent": "Mozilla/5.0 (X11; Linux x86_64) AppleWebKit/537.36 (KHTML, like Gecko) HeadlessChrome/77.0.3844.0 Safari/537.36"
        },
        "response": {
          "status": 200,
          "headers": {
            "server": "nginx/1.17.2",
            "date": "Tue, 13 Aug 2019 12:57:14 GMT",
            "content-type": "application/json; charset=utf-8",
            "transfer-encoding": "chunked",
            "connection": "close",
            "x-frame-options": "SAMEORIGIN",
            "x-xss-protection": "1; mode=block",
            "x-content-type-options": "nosniff",
            "x-download-options": "noopen",
            "x-permitted-cross-domain-policies": "none",
            "referrer-policy": "strict-origin-when-cross-origin",
            "etag": "W/\"44bfb90c083e70324e097a3a3dae5563\"",
            "cache-control": "max-age=0, private, must-revalidate",
            "x-request-id": "736810df-5bdf-4e84-abc5-e6dea6497ad5",
            "x-runtime": "0.030463",
            "vary": "Origin"
          },
          "authorised": true
        }
      },
      {
        "id": "cf8e568a-49c1-40ca-96f0-d0fcbbd87298",
        "user": "bob@authcov.io",
        "pageUrl": null,
        "headers": {
          "sec-fetch-mode": "cors",
          "referer": "http://localhost/posts/3",
          "user-agent": "Mozilla/5.0 (X11; Linux x86_64) AppleWebKit/537.36 (KHTML, like Gecko) HeadlessChrome/77.0.3844.0 Safari/537.36",
          "cookie": "_my_app_session=5ecd05563c0c54c4115bf578b95088ca"
        },
        "response": {
          "status": 200,
          "headers": {
            "server": "nginx/1.17.2",
            "date": "Tue, 13 Aug 2019 12:57:18 GMT",
            "content-type": "application/json; charset=utf-8",
            "transfer-encoding": "chunked",
            "connection": "close",
            "x-frame-options": "SAMEORIGIN",
            "x-xss-protection": "1; mode=block",
            "x-content-type-options": "nosniff",
            "x-download-options": "noopen",
            "x-permitted-cross-domain-policies": "none",
            "referrer-policy": "strict-origin-when-cross-origin",
            "etag": "W/\"44bfb90c083e70324e097a3a3dae5563\"",
            "cache-control": "max-age=0, private, must-revalidate",
            "x-request-id": "71a42f17-39bc-4e55-8b7d-2565f16819c0",
            "x-runtime": "0.023125",
            "vary": "Origin"
          },
          "authorised": true
        }
      }
    ]
  },
  {
    "id": "a0e96b2f-fec0-498c-802d-de08cc3ef49e",
    "url": "http://localhost/api/posts/4.json",
    "method": "GET",
    "requests": [
      {
        "id": "8f55d57e-39a0-4a92-95b3-0edcede09899",
        "user": "alice@authcov.io",
        "pageUrl": "http://localhost/posts/4",
        "headers": {
          "sec-fetch-mode": "cors",
          "referer": "http://localhost/posts/4",
          "user-agent": "Mozilla/5.0 (X11; Linux x86_64) AppleWebKit/537.36 (KHTML, like Gecko) HeadlessChrome/77.0.3844.0 Safari/537.36",
          "cookie": "_my_app_session=a9a39adbbb3589d436a18eca3ac83760"
        },
        "response": {
          "status": 200,
          "headers": {
            "date": "Tue, 13 Aug 2019 12:56:38 GMT",
            "x-content-type-options": "nosniff",
            "x-permitted-cross-domain-policies": "none",
            "transfer-encoding": "chunked",
            "connection": "keep-alive",
            "vary": "Origin",
            "x-xss-protection": "1; mode=block",
            "x-request-id": "4d6c7530-1a21-4ec2-b2c0-28337832557f",
            "x-runtime": "0.013340",
            "referrer-policy": "strict-origin-when-cross-origin",
            "server": "nginx/1.17.2",
            "etag": "W/\"b81a8e354016d74d8d2ddd4ee2aabc5d\"",
            "x-download-options": "noopen",
            "x-frame-options": "SAMEORIGIN",
            "content-type": "application/json; charset=utf-8",
            "cache-control": "max-age=0, private, must-revalidate"
          },
          "authorised": true
        }
      },
      {
        "id": "1b55db97-6280-438e-93fc-d58325b48546",
        "user": "alice@authcov.io",
        "pageUrl": "http://localhost/posts/4/edit",
        "headers": {
          "sec-fetch-mode": "cors",
          "referer": "http://localhost/posts/4/edit",
          "user-agent": "Mozilla/5.0 (X11; Linux x86_64) AppleWebKit/537.36 (KHTML, like Gecko) HeadlessChrome/77.0.3844.0 Safari/537.36",
          "cookie": "_my_app_session=a9a39adbbb3589d436a18eca3ac83760"
        },
        "response": {
          "status": 200,
          "headers": {
            "date": "Tue, 13 Aug 2019 12:56:38 GMT",
            "x-content-type-options": "nosniff",
            "x-permitted-cross-domain-policies": "none",
            "transfer-encoding": "chunked",
            "connection": "keep-alive",
            "vary": "Origin",
            "x-xss-protection": "1; mode=block",
            "x-request-id": "e081ad8d-e41e-4f93-8b41-85c5ded77a0a",
            "x-runtime": "0.009647",
            "referrer-policy": "strict-origin-when-cross-origin",
            "server": "nginx/1.17.2",
            "etag": "W/\"b81a8e354016d74d8d2ddd4ee2aabc5d\"",
            "x-download-options": "noopen",
            "x-frame-options": "SAMEORIGIN",
            "content-type": "application/json; charset=utf-8",
            "cache-control": "max-age=0, private, must-revalidate"
          },
          "authorised": true
        }
      },
      {
        "id": "ee039c34-aba0-4a05-8162-330a93c97393",
        "user": "Public",
        "pageUrl": null,
        "headers": {
          "sec-fetch-mode": "cors",
          "referer": "http://localhost/posts/4",
          "user-agent": "Mozilla/5.0 (X11; Linux x86_64) AppleWebKit/537.36 (KHTML, like Gecko) HeadlessChrome/77.0.3844.0 Safari/537.36"
        },
        "response": {
          "status": 200,
          "headers": {
            "server": "nginx/1.17.2",
            "date": "Tue, 13 Aug 2019 12:57:14 GMT",
            "content-type": "application/json; charset=utf-8",
            "transfer-encoding": "chunked",
            "connection": "close",
            "x-frame-options": "SAMEORIGIN",
            "x-xss-protection": "1; mode=block",
            "x-content-type-options": "nosniff",
            "x-download-options": "noopen",
            "x-permitted-cross-domain-policies": "none",
            "referrer-policy": "strict-origin-when-cross-origin",
            "etag": "W/\"b81a8e354016d74d8d2ddd4ee2aabc5d\"",
            "cache-control": "max-age=0, private, must-revalidate",
            "x-request-id": "94364099-dc2a-4c1a-b673-b4382d4aa452",
            "x-runtime": "0.016793",
            "vary": "Origin"
          },
          "authorised": true
        }
      },
      {
        "id": "9c7ca2b2-2c33-4416-8694-ba9428acfdca",
        "user": "bob@authcov.io",
        "pageUrl": null,
        "headers": {
          "sec-fetch-mode": "cors",
          "referer": "http://localhost/posts/4",
          "user-agent": "Mozilla/5.0 (X11; Linux x86_64) AppleWebKit/537.36 (KHTML, like Gecko) HeadlessChrome/77.0.3844.0 Safari/537.36",
          "cookie": "_my_app_session=5ecd05563c0c54c4115bf578b95088ca"
        },
        "response": {
          "status": 200,
          "headers": {
            "server": "nginx/1.17.2",
            "date": "Tue, 13 Aug 2019 12:57:18 GMT",
            "content-type": "application/json; charset=utf-8",
            "transfer-encoding": "chunked",
            "connection": "close",
            "x-frame-options": "SAMEORIGIN",
            "x-xss-protection": "1; mode=block",
            "x-content-type-options": "nosniff",
            "x-download-options": "noopen",
            "x-permitted-cross-domain-policies": "none",
            "referrer-policy": "strict-origin-when-cross-origin",
            "etag": "W/\"b81a8e354016d74d8d2ddd4ee2aabc5d\"",
            "cache-control": "max-age=0, private, must-revalidate",
            "x-request-id": "bdc39958-40f8-48ac-95d1-285d0d0e1e41",
            "x-runtime": "0.024348",
            "vary": "Origin"
          },
          "authorised": true
        }
      }
    ]
  },
  {
    "id": "4c3e536a-27bd-4851-a996-523e55fcd4ed",
    "url": "http://localhost/api/posts.json",
    "method": "GET",
    "requests": [
      {
        "id": "571e3ae5-afc8-4083-b727-aed63f896463",
        "user": "alice@authcov.io",
        "pageUrl": "http://localhost/posts",
        "headers": {
          "sec-fetch-mode": "cors",
          "referer": "http://localhost/posts",
          "user-agent": "Mozilla/5.0 (X11; Linux x86_64) AppleWebKit/537.36 (KHTML, like Gecko) HeadlessChrome/77.0.3844.0 Safari/537.36",
          "cookie": "_my_app_session=a9a39adbbb3589d436a18eca3ac83760"
        },
        "response": {
          "status": 200,
          "headers": {
            "date": "Tue, 13 Aug 2019 12:56:36 GMT",
            "x-content-type-options": "nosniff",
            "x-permitted-cross-domain-policies": "none",
            "transfer-encoding": "chunked",
            "connection": "keep-alive",
            "vary": "Origin",
            "x-xss-protection": "1; mode=block",
            "x-request-id": "c2eb4d4a-f183-48a9-9d00-d37263734436",
            "x-runtime": "0.010546",
            "referrer-policy": "strict-origin-when-cross-origin",
            "server": "nginx/1.17.2",
            "etag": "W/\"3821164fbacf3dd6de60f8806c601702\"",
            "x-download-options": "noopen",
            "x-frame-options": "SAMEORIGIN",
            "content-type": "application/json; charset=utf-8",
            "cache-control": "max-age=0, private, must-revalidate"
          },
          "authorised": true
        }
      },
      {
        "id": "28b9bb08-5c21-4408-ba6f-ddc78b8f8a27",
        "user": "Public",
        "pageUrl": null,
        "headers": {
          "sec-fetch-mode": "cors",
          "referer": "http://localhost/posts",
          "user-agent": "Mozilla/5.0 (X11; Linux x86_64) AppleWebKit/537.36 (KHTML, like Gecko) HeadlessChrome/77.0.3844.0 Safari/537.36"
        },
        "response": {
          "status": 200,
          "headers": {
            "server": "nginx/1.17.2",
            "date": "Tue, 13 Aug 2019 12:57:14 GMT",
            "content-type": "application/json; charset=utf-8",
            "transfer-encoding": "chunked",
            "connection": "close",
            "x-frame-options": "SAMEORIGIN",
            "x-xss-protection": "1; mode=block",
            "x-content-type-options": "nosniff",
            "x-download-options": "noopen",
            "x-permitted-cross-domain-policies": "none",
            "referrer-policy": "strict-origin-when-cross-origin",
            "etag": "W/\"3821164fbacf3dd6de60f8806c601702\"",
            "cache-control": "max-age=0, private, must-revalidate",
            "x-request-id": "296b0dc9-61f6-4b7a-8d2f-990bb8814c31",
            "x-runtime": "0.023583",
            "vary": "Origin"
          },
          "authorised": true
        }
      },
      {
        "id": "4191e997-d9d0-406c-817e-0316e467ca5b",
        "user": "bob@authcov.io",
        "pageUrl": null,
        "headers": {
          "sec-fetch-mode": "cors",
          "referer": "http://localhost/posts",
          "user-agent": "Mozilla/5.0 (X11; Linux x86_64) AppleWebKit/537.36 (KHTML, like Gecko) HeadlessChrome/77.0.3844.0 Safari/537.36",
          "cookie": "_my_app_session=5ecd05563c0c54c4115bf578b95088ca"
        },
        "response": {
          "status": 200,
          "headers": {
            "server": "nginx/1.17.2",
            "date": "Tue, 13 Aug 2019 12:57:18 GMT",
            "content-type": "application/json; charset=utf-8",
            "transfer-encoding": "chunked",
            "connection": "close",
            "x-frame-options": "SAMEORIGIN",
            "x-xss-protection": "1; mode=block",
            "x-content-type-options": "nosniff",
            "x-download-options": "noopen",
            "x-permitted-cross-domain-policies": "none",
            "referrer-policy": "strict-origin-when-cross-origin",
            "etag": "W/\"3821164fbacf3dd6de60f8806c601702\"",
            "cache-control": "max-age=0, private, must-revalidate",
            "x-request-id": "7dc8523c-6c56-4384-8c1f-55338b9def09",
            "x-runtime": "0.028917",
            "vary": "Origin"
          },
          "authorised": true
        }
      }
    ]
  },
  {
    "id": "6ca549a6-93d5-450b-b3bc-0f6b9f65864b",
    "url": "http://localhost/api/secrets/1.json",
    "method": "GET",
    "requests": [
      {
        "id": "156a02cd-5022-42e5-9334-edb2d44aff5b",
        "user": "alice@authcov.io",
        "pageUrl": "http://localhost/secrets/1",
        "headers": {
          "sec-fetch-mode": "cors",
          "referer": "http://localhost/secrets/1",
          "user-agent": "Mozilla/5.0 (X11; Linux x86_64) AppleWebKit/537.36 (KHTML, like Gecko) HeadlessChrome/77.0.3844.0 Safari/537.36",
          "cookie": "_my_app_session=a9a39adbbb3589d436a18eca3ac83760"
        },
        "response": {
          "status": 200,
          "headers": {
            "date": "Tue, 13 Aug 2019 12:56:38 GMT",
            "x-content-type-options": "nosniff",
            "x-permitted-cross-domain-policies": "none",
            "transfer-encoding": "chunked",
            "connection": "keep-alive",
            "vary": "Origin",
            "x-xss-protection": "1; mode=block",
            "x-request-id": "9be0171a-7085-4cc9-93ca-4049d922db87",
            "x-runtime": "0.013414",
            "referrer-policy": "strict-origin-when-cross-origin",
            "server": "nginx/1.17.2",
            "etag": "W/\"4472dc85fe58e565427ab247bed7b408\"",
            "x-download-options": "noopen",
            "x-frame-options": "SAMEORIGIN",
            "content-type": "application/json; charset=utf-8",
            "cache-control": "max-age=0, private, must-revalidate"
          },
          "authorised": true
        }
      },
      {
        "id": "13655dc3-16f3-49fa-835d-7a6262c1671b",
        "user": "alice@authcov.io",
        "pageUrl": "http://localhost/secrets/1/edit",
        "headers": {
          "sec-fetch-mode": "cors",
          "referer": "http://localhost/secrets/1/edit",
          "user-agent": "Mozilla/5.0 (X11; Linux x86_64) AppleWebKit/537.36 (KHTML, like Gecko) HeadlessChrome/77.0.3844.0 Safari/537.36",
          "cookie": "_my_app_session=a9a39adbbb3589d436a18eca3ac83760"
        },
        "response": {
          "status": 200,
          "headers": {
            "date": "Tue, 13 Aug 2019 12:56:39 GMT",
            "x-content-type-options": "nosniff",
            "x-permitted-cross-domain-policies": "none",
            "transfer-encoding": "chunked",
            "connection": "keep-alive",
            "vary": "Origin",
            "x-xss-protection": "1; mode=block",
            "x-request-id": "6cf9ba23-6af3-49c1-9ed4-cb6360590b9d",
            "x-runtime": "0.013967",
            "referrer-policy": "strict-origin-when-cross-origin",
            "server": "nginx/1.17.2",
            "etag": "W/\"4472dc85fe58e565427ab247bed7b408\"",
            "x-download-options": "noopen",
            "x-frame-options": "SAMEORIGIN",
            "content-type": "application/json; charset=utf-8",
            "cache-control": "max-age=0, private, must-revalidate"
          },
          "authorised": true
        }
      },
      {
        "id": "4bcee576-a748-4565-8ed7-ac28a3266980",
        "user": "Public",
        "pageUrl": null,
        "headers": {
          "sec-fetch-mode": "cors",
          "referer": "http://localhost/secrets/1",
          "user-agent": "Mozilla/5.0 (X11; Linux x86_64) AppleWebKit/537.36 (KHTML, like Gecko) HeadlessChrome/77.0.3844.0 Safari/537.36"
        },
        "response": {
          "status": 401,
          "headers": {
            "server": "nginx/1.17.2",
            "date": "Tue, 13 Aug 2019 12:57:14 GMT",
            "content-type": "application/json; charset=utf-8",
            "transfer-encoding": "chunked",
            "connection": "close",
            "cache-control": "no-cache",
            "x-request-id": "b1caaef1-5077-4651-be32-69a375c268c6",
            "x-runtime": "0.008606",
            "vary": "Origin"
          },
          "authorised": false
        }
      },
      {
        "id": "35446038-cb69-4ca9-bb9a-bef891ad0aae",
        "user": "bob@authcov.io",
        "pageUrl": null,
        "headers": {
          "sec-fetch-mode": "cors",
          "referer": "http://localhost/secrets/1",
          "user-agent": "Mozilla/5.0 (X11; Linux x86_64) AppleWebKit/537.36 (KHTML, like Gecko) HeadlessChrome/77.0.3844.0 Safari/537.36",
          "cookie": "_my_app_session=5ecd05563c0c54c4115bf578b95088ca"
        },
        "response": {
          "status": 401,
          "headers": {
            "server": "nginx/1.17.2",
            "date": "Tue, 13 Aug 2019 12:57:18 GMT",
            "content-type": "application/json; charset=utf-8",
            "transfer-encoding": "chunked",
            "connection": "close",
            "x-frame-options": "SAMEORIGIN",
            "x-xss-protection": "1; mode=block",
            "x-content-type-options": "nosniff",
            "x-download-options": "noopen",
            "x-permitted-cross-domain-policies": "none",
            "referrer-policy": "strict-origin-when-cross-origin",
            "cache-control": "no-cache",
            "x-request-id": "d88f34b3-ccd6-4ea3-85e2-6706d82fedaa",
            "x-runtime": "0.009435",
            "vary": "Origin"
          },
          "authorised": false
        }
      }
    ]
  },
  {
    "id": "f00a0bcb-0704-4ce2-bf10-462260a67417",
    "url": "http://localhost/api/secrets.json",
    "method": "GET",
    "requests": [
      {
        "id": "0903b50a-94b7-4021-8bce-8606e949b4ae",
        "user": "alice@authcov.io",
        "pageUrl": "http://localhost/secrets/",
        "headers": {
          "sec-fetch-mode": "cors",
          "referer": "http://localhost/secrets/",
          "user-agent": "Mozilla/5.0 (X11; Linux x86_64) AppleWebKit/537.36 (KHTML, like Gecko) HeadlessChrome/77.0.3844.0 Safari/537.36",
          "cookie": "_my_app_session=a9a39adbbb3589d436a18eca3ac83760"
        },
        "response": {
          "status": 200,
          "headers": {
            "date": "Tue, 13 Aug 2019 12:56:37 GMT",
            "x-content-type-options": "nosniff",
            "x-permitted-cross-domain-policies": "none",
            "transfer-encoding": "chunked",
            "connection": "keep-alive",
            "vary": "Origin",
            "x-xss-protection": "1; mode=block",
            "x-request-id": "aff0e27b-d7c5-4eec-b1ce-867bf07e75f4",
            "x-runtime": "0.010191",
            "referrer-policy": "strict-origin-when-cross-origin",
            "server": "nginx/1.17.2",
            "etag": "W/\"5923f93dc555166fcaf8f9798a0f7aea\"",
            "x-download-options": "noopen",
            "x-frame-options": "SAMEORIGIN",
            "content-type": "application/json; charset=utf-8",
            "cache-control": "max-age=0, private, must-revalidate"
          },
          "authorised": true
        }
      },
      {
        "id": "9b61216e-2f4b-47f8-b70c-4c887a2b8652",
        "user": "alice@authcov.io",
        "pageUrl": "http://localhost/secrets",
        "headers": {
          "sec-fetch-mode": "cors",
          "referer": "http://localhost/secrets",
          "user-agent": "Mozilla/5.0 (X11; Linux x86_64) AppleWebKit/537.36 (KHTML, like Gecko) HeadlessChrome/77.0.3844.0 Safari/537.36",
          "cookie": "_my_app_session=a9a39adbbb3589d436a18eca3ac83760"
        },
        "response": {
          "status": 200,
          "headers": {
            "date": "Tue, 13 Aug 2019 12:56:39 GMT",
            "x-content-type-options": "nosniff",
            "x-permitted-cross-domain-policies": "none",
            "transfer-encoding": "chunked",
            "connection": "keep-alive",
            "vary": "Origin",
            "x-xss-protection": "1; mode=block",
            "x-request-id": "261b10cc-149b-4776-9957-f7d0c0ae34a5",
            "x-runtime": "0.013565",
            "referrer-policy": "strict-origin-when-cross-origin",
            "server": "nginx/1.17.2",
            "etag": "W/\"5923f93dc555166fcaf8f9798a0f7aea\"",
            "x-download-options": "noopen",
            "x-frame-options": "SAMEORIGIN",
            "content-type": "application/json; charset=utf-8",
            "cache-control": "max-age=0, private, must-revalidate"
          },
          "authorised": true
        }
      },
      {
        "id": "8813ee7f-c718-475c-860f-36ef2ae38964",
        "user": "Public",
        "pageUrl": null,
        "headers": {
          "sec-fetch-mode": "cors",
          "referer": "http://localhost/secrets/",
          "user-agent": "Mozilla/5.0 (X11; Linux x86_64) AppleWebKit/537.36 (KHTML, like Gecko) HeadlessChrome/77.0.3844.0 Safari/537.36"
        },
        "response": {
          "status": 401,
          "headers": {
            "server": "nginx/1.17.2",
            "date": "Tue, 13 Aug 2019 12:57:14 GMT",
            "content-type": "application/json; charset=utf-8",
            "transfer-encoding": "chunked",
            "connection": "close",
            "cache-control": "no-cache",
            "x-request-id": "1fd57fee-db3e-4eaf-b76a-8691cbe6c2dd",
            "x-runtime": "0.006333",
            "vary": "Origin"
          },
          "authorised": false
        }
      },
      {
        "id": "c10cdba8-b9ea-4351-ac47-107c88773e16",
        "user": "bob@authcov.io",
        "pageUrl": null,
        "headers": {
          "sec-fetch-mode": "cors",
          "referer": "http://localhost/secrets/",
          "user-agent": "Mozilla/5.0 (X11; Linux x86_64) AppleWebKit/537.36 (KHTML, like Gecko) HeadlessChrome/77.0.3844.0 Safari/537.36",
          "cookie": "_my_app_session=5ecd05563c0c54c4115bf578b95088ca"
        },
        "response": {
          "status": 200,
          "headers": {
            "server": "nginx/1.17.2",
            "date": "Tue, 13 Aug 2019 12:57:18 GMT",
            "content-type": "application/json; charset=utf-8",
            "transfer-encoding": "chunked",
            "connection": "close",
            "x-frame-options": "SAMEORIGIN",
            "x-xss-protection": "1; mode=block",
            "x-content-type-options": "nosniff",
            "x-download-options": "noopen",
            "x-permitted-cross-domain-policies": "none",
            "referrer-policy": "strict-origin-when-cross-origin",
            "etag": "W/\"e44f53ac4e413835d9759c301ae9054f\"",
            "cache-control": "max-age=0, private, must-revalidate",
            "x-request-id": "f06d1a6b-9139-4cde-a1d8-9821f7ab5152",
            "x-runtime": "0.015740",
            "vary": "Origin"
          },
          "authorised": true
        }
      }
    ]
  }
]
