[
  {
    "id": "0bd30c14-3fa5-46b5-b2b8-4b87eb8a48fc",
    "url": "http://localhost/api/posts/1.json",
    "method": "GET",
    "requests": [
      {
        "id": "277960a3-92f7-4bfa-973c-9a4f62d499a1",
        "user": "alice@authcov.io",
        "pageUrl": "http://localhost/posts/1",
        "headers": {
          "referer": "http://localhost/posts/1",
          "user-agent": "Mozilla/5.0 (X11; Linux x86_64) AppleWebKit/537.36 (KHTML, like Gecko) HeadlessChrome/90.0.4403.0 Safari/537.36",
          "cookie": "_my_app_session=a429880abfbe3445f34f6718f39fa44b"
        },
        "response": {
          "status": 200,
          "headers": {
            "date": "Fri, 17 Dec 2021 16:07:56 GMT",
            "x-content-type-options": "nosniff",
            "x-permitted-cross-domain-policies": "none",
            "transfer-encoding": "chunked",
            "connection": "keep-alive",
            "vary": "Origin",
            "x-xss-protection": "1; mode=block",
            "x-request-id": "ec2e1800-b477-43de-9050-274c9f881ebc",
            "x-runtime": "0.008587",
            "referrer-policy": "strict-origin-when-cross-origin",
            "server": "nginx/1.21.4",
            "etag": "W/\"d6bbb13db08c138b35c988d12b7e5573\"",
            "x-download-options": "noopen",
            "x-frame-options": "SAMEORIGIN",
            "content-type": "application/json; charset=utf-8",
            "cache-control": "max-age=0, private, must-revalidate"
          },
          "authorised": true
        }
      },
      {
        "id": "70a76301-3950-46b6-b50d-51313a92e6ad",
        "user": "alice@authcov.io",
        "pageUrl": "http://localhost/posts/1/edit",
        "headers": {
          "referer": "http://localhost/posts/1/edit",
          "user-agent": "Mozilla/5.0 (X11; Linux x86_64) AppleWebKit/537.36 (KHTML, like Gecko) HeadlessChrome/90.0.4403.0 Safari/537.36",
          "cookie": "_my_app_session=a429880abfbe3445f34f6718f39fa44b"
        },
        "response": {
          "status": 200,
          "headers": {
            "date": "Fri, 17 Dec 2021 16:07:57 GMT",
            "x-content-type-options": "nosniff",
            "x-permitted-cross-domain-policies": "none",
            "transfer-encoding": "chunked",
            "connection": "keep-alive",
            "vary": "Origin",
            "x-xss-protection": "1; mode=block",
            "x-request-id": "3bef2651-4441-4cde-9f07-00f23f1ccc3c",
            "x-runtime": "0.014364",
            "referrer-policy": "strict-origin-when-cross-origin",
            "server": "nginx/1.21.4",
            "etag": "W/\"d6bbb13db08c138b35c988d12b7e5573\"",
            "x-download-options": "noopen",
            "x-frame-options": "SAMEORIGIN",
            "content-type": "application/json; charset=utf-8",
            "cache-control": "max-age=0, private, must-revalidate"
          },
          "authorised": true
        }
      }
    ]
  },
  {
    "id": "622dbabf-4492-4632-a6ce-7669bc0bd234",
    "url": "http://localhost/api/posts/2.json",
    "method": "GET",
    "requests": [
      {
        "id": "93b80ad8-b96d-4069-9e8e-89910737d6d0",
        "user": "alice@authcov.io",
        "pageUrl": "http://localhost/posts/2",
        "headers": {
          "referer": "http://localhost/posts/2",
          "user-agent": "Mozilla/5.0 (X11; Linux x86_64) AppleWebKit/537.36 (KHTML, like Gecko) HeadlessChrome/90.0.4403.0 Safari/537.36",
          "cookie": "_my_app_session=a429880abfbe3445f34f6718f39fa44b"
        },
        "response": {
          "status": 200,
          "headers": {
            "date": "Fri, 17 Dec 2021 16:07:56 GMT",
            "x-content-type-options": "nosniff",
            "x-permitted-cross-domain-policies": "none",
            "transfer-encoding": "chunked",
            "connection": "keep-alive",
            "vary": "Origin",
            "x-xss-protection": "1; mode=block",
            "x-request-id": "05ea6a94-8da6-4723-b5db-62af9762212a",
            "x-runtime": "0.011674",
            "referrer-policy": "strict-origin-when-cross-origin",
            "server": "nginx/1.21.4",
            "etag": "W/\"837874aa40f5b89354941950322070d6\"",
            "x-download-options": "noopen",
            "x-frame-options": "SAMEORIGIN",
            "content-type": "application/json; charset=utf-8",
            "cache-control": "max-age=0, private, must-revalidate"
          },
          "authorised": true
        }
      },
      {
        "id": "7496b1b8-bbd3-4fb8-81c9-7e77d00be8f7",
        "user": "alice@authcov.io",
        "pageUrl": "http://localhost/posts/2/edit",
        "headers": {
          "referer": "http://localhost/posts/2/edit",
          "user-agent": "Mozilla/5.0 (X11; Linux x86_64) AppleWebKit/537.36 (KHTML, like Gecko) HeadlessChrome/90.0.4403.0 Safari/537.36",
          "cookie": "_my_app_session=a429880abfbe3445f34f6718f39fa44b"
        },
        "response": {
          "status": 200,
          "headers": {
            "date": "Fri, 17 Dec 2021 16:07:57 GMT",
            "x-content-type-options": "nosniff",
            "x-permitted-cross-domain-policies": "none",
            "transfer-encoding": "chunked",
            "connection": "keep-alive",
            "vary": "Origin",
            "x-xss-protection": "1; mode=block",
            "x-request-id": "d9460e92-33fa-42be-9e01-6d3e2179e5ba",
            "x-runtime": "0.015669",
            "referrer-policy": "strict-origin-when-cross-origin",
            "server": "nginx/1.21.4",
            "etag": "W/\"837874aa40f5b89354941950322070d6\"",
            "x-download-options": "noopen",
            "x-frame-options": "SAMEORIGIN",
            "content-type": "application/json; charset=utf-8",
            "cache-control": "max-age=0, private, must-revalidate"
          },
          "authorised": true
        }
      }
    ]
  },
  {
    "id": "89e6b236-c15c-4f45-9856-84c2ac9227d6",
    "url": "http://localhost/api/posts/3.json",
    "method": "GET",
    "requests": [
      {
        "id": "e90aa770-decc-494f-a4f1-25e4283fe050",
        "user": "alice@authcov.io",
        "pageUrl": "http://localhost/posts/3",
        "headers": {
          "referer": "http://localhost/posts/3",
          "user-agent": "Mozilla/5.0 (X11; Linux x86_64) AppleWebKit/537.36 (KHTML, like Gecko) HeadlessChrome/90.0.4403.0 Safari/537.36",
          "cookie": "_my_app_session=a429880abfbe3445f34f6718f39fa44b"
        },
        "response": {
          "status": 200,
          "headers": {
            "date": "Fri, 17 Dec 2021 16:07:56 GMT",
            "x-content-type-options": "nosniff",
            "x-permitted-cross-domain-policies": "none",
            "transfer-encoding": "chunked",
            "connection": "keep-alive",
            "vary": "Origin",
            "x-xss-protection": "1; mode=block",
            "x-request-id": "0c6f8f17-c1c4-4a26-a51b-6421410cd6ff",
            "x-runtime": "0.015494",
            "referrer-policy": "strict-origin-when-cross-origin",
            "server": "nginx/1.21.4",
            "etag": "W/\"a1e6983d206a959d8e12212185d02db0\"",
            "x-download-options": "noopen",
            "x-frame-options": "SAMEORIGIN",
            "content-type": "application/json; charset=utf-8",
            "cache-control": "max-age=0, private, must-revalidate"
          },
          "authorised": true
        }
      },
      {
        "id": "35d0e028-1faf-423a-9636-19f978ddc92e",
        "user": "alice@authcov.io",
        "pageUrl": "http://localhost/posts/3/edit",
        "headers": {
          "referer": "http://localhost/posts/3/edit",
          "user-agent": "Mozilla/5.0 (X11; Linux x86_64) AppleWebKit/537.36 (KHTML, like Gecko) HeadlessChrome/90.0.4403.0 Safari/537.36",
          "cookie": "_my_app_session=a429880abfbe3445f34f6718f39fa44b"
        },
        "response": {
          "status": 200,
          "headers": {
            "date": "Fri, 17 Dec 2021 16:07:57 GMT",
            "x-content-type-options": "nosniff",
            "x-permitted-cross-domain-policies": "none",
            "transfer-encoding": "chunked",
            "connection": "keep-alive",
            "vary": "Origin",
            "x-xss-protection": "1; mode=block",
            "x-request-id": "6281dc78-d228-458a-98b7-98def02f5119",
            "x-runtime": "0.012064",
            "referrer-policy": "strict-origin-when-cross-origin",
            "server": "nginx/1.21.4",
            "etag": "W/\"a1e6983d206a959d8e12212185d02db0\"",
            "x-download-options": "noopen",
            "x-frame-options": "SAMEORIGIN",
            "content-type": "application/json; charset=utf-8",
            "cache-control": "max-age=0, private, must-revalidate"
          },
          "authorised": true
        }
      }
    ]
  },
  {
    "id": "702f76ff-ef0a-4554-b8fd-d628e3625ad9",
    "url": "http://localhost/api/posts/4.json",
    "method": "GET",
    "requests": [
      {
        "id": "6ae7b99d-1893-402a-8f8f-4aa88105f2fe",
        "user": "alice@authcov.io",
        "pageUrl": "http://localhost/posts/4",
        "headers": {
          "referer": "http://localhost/posts/4",
          "user-agent": "Mozilla/5.0 (X11; Linux x86_64) AppleWebKit/537.36 (KHTML, like Gecko) HeadlessChrome/90.0.4403.0 Safari/537.36",
          "cookie": "_my_app_session=a429880abfbe3445f34f6718f39fa44b"
        },
        "response": {
          "status": 200,
          "headers": {
            "date": "Fri, 17 Dec 2021 16:07:56 GMT",
            "x-content-type-options": "nosniff",
            "x-permitted-cross-domain-policies": "none",
            "transfer-encoding": "chunked",
            "connection": "keep-alive",
            "vary": "Origin",
            "x-xss-protection": "1; mode=block",
            "x-request-id": "29ef8e71-d8a0-4d2c-9ffd-3bcf5282bf74",
            "x-runtime": "0.008815",
            "referrer-policy": "strict-origin-when-cross-origin",
            "server": "nginx/1.21.4",
            "etag": "W/\"dfb0e59459333a66ba747a106994ba94\"",
            "x-download-options": "noopen",
            "x-frame-options": "SAMEORIGIN",
            "content-type": "application/json; charset=utf-8",
            "cache-control": "max-age=0, private, must-revalidate"
          },
          "authorised": true
        }
      },
      {
        "id": "8ec78325-71c2-4bf5-9dfb-5f1108c6a485",
        "user": "alice@authcov.io",
        "pageUrl": "http://localhost/posts/4/edit",
        "headers": {
          "referer": "http://localhost/posts/4/edit",
          "user-agent": "Mozilla/5.0 (X11; Linux x86_64) AppleWebKit/537.36 (KHTML, like Gecko) HeadlessChrome/90.0.4403.0 Safari/537.36",
          "cookie": "_my_app_session=a429880abfbe3445f34f6718f39fa44b"
        },
        "response": {
          "status": 200,
          "headers": {
            "date": "Fri, 17 Dec 2021 16:07:57 GMT",
            "x-content-type-options": "nosniff",
            "x-permitted-cross-domain-policies": "none",
            "transfer-encoding": "chunked",
            "connection": "keep-alive",
            "vary": "Origin",
            "x-xss-protection": "1; mode=block",
            "x-request-id": "e40fed49-aa8d-4558-87fe-08a3acf1065f",
            "x-runtime": "0.016584",
            "referrer-policy": "strict-origin-when-cross-origin",
            "server": "nginx/1.21.4",
            "etag": "W/\"dfb0e59459333a66ba747a106994ba94\"",
            "x-download-options": "noopen",
            "x-frame-options": "SAMEORIGIN",
            "content-type": "application/json; charset=utf-8",
            "cache-control": "max-age=0, private, must-revalidate"
          },
          "authorised": true
        }
      }
    ]
  },
  {
    "id": "ca48c870-63fc-44b8-88e9-64d6fdd15e39",
    "url": "http://localhost/api/posts.json",
    "method": "GET",
    "requests": [
      {
        "id": "0b82417c-b91c-4763-a60b-a0bf267c3225",
        "user": "alice@authcov.io",
        "pageUrl": "http://localhost/posts",
        "headers": {
          "referer": "http://localhost/posts",
          "user-agent": "Mozilla/5.0 (X11; Linux x86_64) AppleWebKit/537.36 (KHTML, like Gecko) HeadlessChrome/90.0.4403.0 Safari/537.36",
          "cookie": "_my_app_session=a429880abfbe3445f34f6718f39fa44b"
        },
        "response": {
          "status": 200,
          "headers": {
            "date": "Fri, 17 Dec 2021 16:07:54 GMT",
            "x-content-type-options": "nosniff",
            "x-permitted-cross-domain-policies": "none",
            "transfer-encoding": "chunked",
            "connection": "keep-alive",
            "vary": "Origin",
            "x-xss-protection": "1; mode=block",
            "x-request-id": "4fa21a47-ae11-46df-81d6-7bd6ac8d7dc8",
            "x-runtime": "0.013268",
            "referrer-policy": "strict-origin-when-cross-origin",
            "server": "nginx/1.21.4",
            "etag": "W/\"64bf9641a93a1017b877968fd3e3277d\"",
            "x-download-options": "noopen",
            "x-frame-options": "SAMEORIGIN",
            "content-type": "application/json; charset=utf-8",
            "cache-control": "max-age=0, private, must-revalidate"
          },
          "authorised": true
        }
      }
    ]
  },
  {
    "id": "0bcc8ec8-72c4-48a6-bd26-3bfa32e0b4fe",
    "url": "http://localhost/api/secrets/1.json",
    "method": "GET",
    "requests": [
      {
        "id": "cb4eaba2-259b-4b76-a218-b53a28874c91",
        "user": "alice@authcov.io",
        "pageUrl": "http://localhost/secrets/1",
        "headers": {
          "referer": "http://localhost/secrets/1",
          "user-agent": "Mozilla/5.0 (X11; Linux x86_64) AppleWebKit/537.36 (KHTML, like Gecko) HeadlessChrome/90.0.4403.0 Safari/537.36",
          "cookie": "_my_app_session=a429880abfbe3445f34f6718f39fa44b"
        },
        "response": {
          "status": 200,
          "headers": {
            "date": "Fri, 17 Dec 2021 16:07:55 GMT",
            "x-content-type-options": "nosniff",
            "x-permitted-cross-domain-policies": "none",
            "transfer-encoding": "chunked",
            "connection": "keep-alive",
            "vary": "Origin",
            "x-xss-protection": "1; mode=block",
            "x-request-id": "99eec515-dd04-4aac-bddd-c8bcaabbaf2e",
            "x-runtime": "0.020582",
            "referrer-policy": "strict-origin-when-cross-origin",
            "server": "nginx/1.21.4",
            "etag": "W/\"6e87cf77f3a47d92b8e0826a0740f587\"",
            "x-download-options": "noopen",
            "x-frame-options": "SAMEORIGIN",
            "content-type": "application/json; charset=utf-8",
            "cache-control": "max-age=0, private, must-revalidate"
          },
          "authorised": true
        }
      },
      {
        "id": "c430bb74-f43d-4db8-b005-d28b7796c198",
        "user": "alice@authcov.io",
        "pageUrl": "http://localhost/secrets/1/edit",
        "headers": {
          "referer": "http://localhost/secrets/1/edit",
          "user-agent": "Mozilla/5.0 (X11; Linux x86_64) AppleWebKit/537.36 (KHTML, like Gecko) HeadlessChrome/90.0.4403.0 Safari/537.36",
          "cookie": "_my_app_session=a429880abfbe3445f34f6718f39fa44b"
        },
        "response": {
          "status": 200,
          "headers": {
            "date": "Fri, 17 Dec 2021 16:07:57 GMT",
            "x-content-type-options": "nosniff",
            "x-permitted-cross-domain-policies": "none",
            "transfer-encoding": "chunked",
            "connection": "keep-alive",
            "vary": "Origin",
            "x-xss-protection": "1; mode=block",
            "x-request-id": "27df54ef-ace7-413a-b828-60930130bc78",
            "x-runtime": "0.016515",
            "referrer-policy": "strict-origin-when-cross-origin",
            "server": "nginx/1.21.4",
            "etag": "W/\"6e87cf77f3a47d92b8e0826a0740f587\"",
            "x-download-options": "noopen",
            "x-frame-options": "SAMEORIGIN",
            "content-type": "application/json; charset=utf-8",
            "cache-control": "max-age=0, private, must-revalidate"
          },
          "authorised": true
        }
      }
    ]
  },
  {
    "id": "80905666-a032-448b-9156-d30ab8f87997",
    "url": "http://localhost/api/secrets.json",
    "method": "GET",
    "requests": [
      {
        "id": "cd1ee164-47ee-4e8b-b95d-b6fb0ff88c36",
        "user": "alice@authcov.io",
        "pageUrl": "http://localhost/secrets/",
        "headers": {
          "referer": "http://localhost/secrets/",
          "user-agent": "Mozilla/5.0 (X11; Linux x86_64) AppleWebKit/537.36 (KHTML, like Gecko) HeadlessChrome/90.0.4403.0 Safari/537.36",
          "cookie": "_my_app_session=a429880abfbe3445f34f6718f39fa44b"
        },
        "response": {
          "status": 200,
          "headers": {
            "date": "Fri, 17 Dec 2021 16:07:54 GMT",
            "x-content-type-options": "nosniff",
            "x-permitted-cross-domain-policies": "none",
            "transfer-encoding": "chunked",
            "connection": "keep-alive",
            "vary": "Origin",
            "x-xss-protection": "1; mode=block",
            "x-request-id": "2e8596a4-134a-40dd-ba69-7d34deb531c9",
            "x-runtime": "0.012030",
            "referrer-policy": "strict-origin-when-cross-origin",
            "server": "nginx/1.21.4",
            "etag": "W/\"17090b5fd00c1a72f8638e6cf886ea78\"",
            "x-download-options": "noopen",
            "x-frame-options": "SAMEORIGIN",
            "content-type": "application/json; charset=utf-8",
            "cache-control": "max-age=0, private, must-revalidate"
          },
          "authorised": true
        }
      },
      {
        "id": "1099109c-8b6d-4cb5-b374-8fbe82b58315",
        "user": "alice@authcov.io",
        "pageUrl": "http://localhost/secrets",
        "headers": {
          "referer": "http://localhost/secrets",
          "user-agent": "Mozilla/5.0 (X11; Linux x86_64) AppleWebKit/537.36 (KHTML, like Gecko) HeadlessChrome/90.0.4403.0 Safari/537.36",
          "cookie": "_my_app_session=a429880abfbe3445f34f6718f39fa44b"
        },
        "response": {
          "status": 200,
          "headers": {
            "date": "Fri, 17 Dec 2021 16:07:57 GMT",
            "x-content-type-options": "nosniff",
            "x-permitted-cross-domain-policies": "none",
            "transfer-encoding": "chunked",
            "connection": "keep-alive",
            "vary": "Origin",
            "x-xss-protection": "1; mode=block",
            "x-request-id": "f2643c95-eb78-4152-8bfd-bfee1ee64501",
            "x-runtime": "0.023050",
            "referrer-policy": "strict-origin-when-cross-origin",
            "server": "nginx/1.21.4",
            "etag": "W/\"17090b5fd00c1a72f8638e6cf886ea78\"",
            "x-download-options": "noopen",
            "x-frame-options": "SAMEORIGIN",
            "content-type": "application/json; charset=utf-8",
            "cache-control": "max-age=0, private, must-revalidate"
          },
          "authorised": true
        }
      }
    ]
  }
]